// Jest Snapshot v1, https://goo.gl/fbAQLP

exports[`Test <Label/> should init component 1`] = `<lottus-label />`;
