// Jest Snapshot v1, https://goo.gl/fbAQLP

exports[`Test <Physical/> should init component 1`] = `
Array [
  <div
    className="inputtax"
    key="0moraldiv"
  >
    <lottus-input />
  </div>,
  <div
    className="inputtax"
    key="1moraldiv"
  >
    <lottus-input />
  </div>,
  <div
    className="inputtax"
    key="2moraldiv"
  >
    <lottus-select />
  </div>,
  <div
    className="inputtax"
    key="3moraldiv"
  >
    <lottus-input />
  </div>,
  <div
    className="inputtax"
    key="4moraldiv"
  >
    <lottus-input />
  </div>,
  <div
    className="inputtax"
    key="5moraldiv"
  >
    <lottus-select />
  </div>,
  <div
    className="inputtax"
    key="6moraldiv"
  >
    <lottus-input />
  </div>,
  <div
    className="inputtax"
    key="7moraldiv"
  >
    <lottus-input />
  </div>,
  <div
    className="inputtax"
    key="8moraldiv"
  >
    <lottus-input />
  </div>,
  <div
    className="inputtax"
    key="9moraldiv"
  >
    <lottus-input />
  </div>,
]
`;
