// Jest Snapshot v1, https://goo.gl/fbAQLP

exports[`Test <Input/> should init component 1`] = `<lottus-input />`;
