// Jest Snapshot v1, https://goo.gl/fbAQLP

exports[`Test <Menu/> should init component 1`] = `<lottus-menu />`;
