// Jest Snapshot v1, https://goo.gl/fbAQLP

exports[`Test <Breadcrumb /> should init component 1`] = `<lottus-breadcrumb />`;
