// Jest Snapshot v1, https://goo.gl/fbAQLP

exports[`Test <Checkbox /> should init component 1`] = `<lottus-checkbox />`;
