// Jest Snapshot v1, https://goo.gl/fbAQLP

exports[`Test <ModalAccordion /> should init component 1`] = `""`;
