// Jest Snapshot v1, https://goo.gl/fbAQLP

exports[`Test <Button /> should init component 1`] = `<lottus-button />`;
