// Jest Snapshot v1, https://goo.gl/fbAQLP

exports[`Test <ModalConstants /> should init component 1`] = `""`;
