// Jest Snapshot v1, https://goo.gl/fbAQLP

exports[`Test <Paginator/> should init component 1`] = `<lottus-paginator />`;
