// Jest Snapshot v1, https://goo.gl/fbAQLP

exports[`Test <ModalConceptDelete /> should init component 1`] = `""`;
