// Jest Snapshot v1, https://goo.gl/fbAQLP

exports[`Test <ModalExit /> should init component 1`] = `""`;
