// Jest Snapshot v1, https://goo.gl/fbAQLP

exports[`Test <PaymentStick/> should init component 1`] = `
<div
  className="paymentstick-container"
  style={
    Object {
      "height": "180px",
    }
  }
>
  <span
    className="material-icons icon"
    onClick={[Function]}
  >
    expand_less
  </span>
  <div
    className="paymentstickempty"
  >
    <div
      className="paymentsticktitle"
    />
  </div>
  <div
    className="paymenttotalprice"
  >
    <div
      className="paymenttotalpricetitle"
    />
    <div
      className="paymenttotalpriceunit"
    />
  </div>
  <div
    className="paymentstickbtn"
    style={
      Object {
        "marginTop": "12px",
      }
    }
  >
    <lottus-button />
  </div>
</div>
`;
