// Jest Snapshot v1, https://goo.gl/fbAQLP

exports[`Test <Link/> should init component 1`] = `<lottus-link />`;
