// Jest Snapshot v1, https://goo.gl/fbAQLP

exports[`Test <Concept/> should init component 1`] = `
Array [
  <div
    className="payment-concept"
  >
    <p
      className="paymentdescription"
    />
    <div
      className="paymentconcepts"
    />
    <div
      className="invoice"
    >
      <lottus-toogle-switch />
      <span />
    </div>
    <div
      className="next"
    >
      <lottus-button />
    </div>
  </div>,
  "",
]
`;
