// Jest Snapshot v1, https://goo.gl/fbAQLP

exports[`Test <HeaderApp/> should init component 1`] = `
<div
  className="navbar"
>
  <lottus-navbar />
</div>
`;
