// Jest Snapshot v1, https://goo.gl/fbAQLP

exports[`Test <Carousel /> should init component 1`] = `<lottus-carousel />`;
