// Jest Snapshot v1, https://goo.gl/fbAQLP

exports[`Test <Footer /> should init component 1`] = `<lottus-footer />`;
