// Jest Snapshot v1, https://goo.gl/fbAQLP

exports[`Test <Feedback /> should init component 1`] = `
<lottus-feedback>
  <div
    className="feedback-content "
    content=""
  />
</lottus-feedback>
`;
