// Jest Snapshot v1, https://goo.gl/fbAQLP

exports[`Test <ButtonCircle /> should init component 1`] = `<lottus-button-circle />`;
